============================= test session starts =============================
platform win32 -- Python 3.13.7, pytest-8.3.4, pluggy-1.6.0 -- C:\Python313\python.exe
cachedir: .pytest_cache
rootdir: C:\Users\irfan.ZEBRONICS\Desktop\work in under process\client project\ai-architecture-generator\backend
configfile: pytest.ini
testpaths: tests
plugins: anyio-4.11.0, langsmith-0.6.2, asyncio-0.24.0
asyncio: mode=Mode.AUTO, default_loop_scope=None
collecting ... collected 22 items

tests/test_api.py::test_root_endpoint PASSED                             [  4%]
tests/test_api.py::test_health_check PASSED                              [  9%]
tests/test_api.py::test_generate_architecture_too_short PASSED           [ 13%]
tests/test_api.py::test_generate_architecture_too_long PASSED            [ 18%]
tests/test_e2e.py::TestE2EWorkflows::test_complete_user_journey <- ..\..\..\..\client project\ai-architecture-generator\backend\tests\test_e2e.py FAILED [ 22%]
tests/test_e2e.py::TestE2EWorkflows::test_error_recovery_workflow <- ..\..\..\..\client project\ai-architecture-generator\backend\tests\test_e2e.py FAILED [ 27%]
tests/test_e2e.py::TestE2EWorkflows::test_api_versioning_workflow <- ..\..\..\..\client project\ai-architecture-generator\backend\tests\test_e2e.py PASSED [ 31%]
tests/test_e2e.py::TestE2EWorkflows::test_monitoring_workflow <- ..\..\..\..\client project\ai-architecture-generator\backend\tests\test_e2e.py PASSED [ 36%]
tests/test_integration.py::TestIntegration::test_full_architecture_generation_flow <- ..\..\..\..\client project\ai-architecture-generator\backend\tests\test_integration.py FAILED [ 40%]
tests/test_integration.py::TestIntegration::test_health_check_integration <- ..\..\..\..\client project\ai-architecture-generator\backend\tests\test_integration.py PASSED [ 45%]
tests/test_integration.py::TestIntegration::test_detailed_health_check <- ..\..\..\..\client project\ai-architecture-generator\backend\tests\test_integration.py PASSED [ 50%]
tests/test_integration.py::TestIntegration::test_rate_limiting_integration <- ..\..\..\..\client project\ai-architecture-generator\backend\tests\test_integration.py PASSED [ 54%]
tests/test_integration.py::TestIntegration::test_cors_headers <- ..\..\..\..\client project\ai-architecture-generator\backend\tests\test_integration.py PASSED [ 59%]
tests/test_integration.py::TestIntegration::test_security_headers <- ..\..\..\..\client project\ai-architecture-generator\backend\tests\test_integration.py PASSED [ 63%]
tests/test_integration.py::TestIntegration::test_error_handling_integration <- ..\..\..\..\client project\ai-architecture-generator\backend\tests\test_integration.py FAILED [ 68%]
tests/test_integration.py::TestIntegration::test_api_versioning <- ..\..\..\..\client project\ai-architecture-generator\backend\tests\test_integration.py PASSED [ 72%]
tests/test_integration.py::TestIntegration::test_metrics_endpoint <- ..\..\..\..\client project\ai-architecture-generator\backend\tests\test_integration.py PASSED [ 77%]
tests/test_security.py::test_sanitize_html <- ..\..\..\..\client project\ai-architecture-generator\backend\tests\test_security.py FAILED [ 81%]
tests/test_security.py::test_sanitize_sql_input <- ..\..\..\..\client project\ai-architecture-generator\backend\tests\test_security.py PASSED [ 86%]
tests/test_security.py::test_sanitize_input <- ..\..\..\..\client project\ai-architecture-generator\backend\tests\test_security.py PASSED [ 90%]
tests/test_security.py::test_validate_input_length <- ..\..\..\..\client project\ai-architecture-generator\backend\tests\test_security.py PASSED [ 95%]
tests/test_security.py::test_security_config <- ..\..\..\..\client project\ai-architecture-generator\backend\tests\test_security.py PASSED [100%]

================================== FAILURES ===================================
_________________ TestE2EWorkflows.test_complete_user_journey _________________
C:\Users\irfan.ZEBRONICS\Desktop\client project\ai-architecture-generator\backend\tests\test_e2e.py:45: in test_complete_user_journey
    ???
E   assert 422 == 200
E    +  where 422 = <Response [422 Unprocessable Entity]>.status_code
---------------------------- Captured stderr call -----------------------------
ERROR [ai_service] API quota exceeded on attempt 1: 429 RESOURCE_EXHAUSTED. {'error': {'code': 429, 'message': 'You exceeded your current quota, please check your plan and billing details. For more information on this error, head to: https://ai.google.dev/gemini-api/docs/rate-limits. To monitor your current usage, head to: https://ai.dev/rate-limit. \n* Quota exceeded for metric: generativelanguage.googleapis.com/generate_content_free_tier_requests, limit: 0, model: gemini-2.0-flash\n* Quota exceeded for metric: generativelanguage.googleapis.com/generate_content_free_tier_requests, limit: 0, model: gemini-2.0-flash\n* Quota exceeded for metric: generativelanguage.googleapis.com/generate_content_free_tier_input_token_count, limit: 0, model: gemini-2.0-flash\nPlease retry in 59.579876958s.', 'status': 'RESOURCE_EXHAUSTED', 'details': [{'@type': 'type.googleapis.com/google.rpc.Help', 'links': [{'description': 'Learn more about Gemini API quotas', 'url': 'https://ai.google.dev/gemini-api/docs/rate-limits'}]}, {'@type': 'type.googleapis.com/google.rpc.QuotaFailure', 'violations': [{'quotaMetric': 'generativelanguage.googleapis.com/generate_content_free_tier_requests', 'quotaId': 'GenerateRequestsPerDayPerProjectPerModel-FreeTier', 'quotaDimensions': {'location': 'global', 'model': 'gemini-2.0-flash'}}, {'quotaMetric': 'generativelanguage.googleapis.com/generate_content_free_tier_requests', 'quotaId': 'GenerateRequestsPerMinutePerProjectPerModel-FreeTier', 'quotaDimensions': {'location': 'global', 'model': 'gemini-2.0-flash'}}, {'quotaMetric': 'generativelanguage.googleapis.com/generate_content_free_tier_input_token_count', 'quotaId': 'GenerateContentInputTokensPerModelPerMinute-FreeTier', 'quotaDimensions': {'model': 'gemini-2.0-flash', 'location': 'global'}}]}, {'@type': 'type.googleapis.com/google.rpc.RetryInfo', 'retryDelay': '59s'}]}}
WARNI [main] Validation error: API quota exceeded. Please try again later or upgrade your API plan. Visit https://ai.google.dev/gemini-api/docs/rate-limits for more information.
------------------------------ Captured log call ------------------------------
ERROR    ai_service:ai_service.py:210 API quota exceeded on attempt 1: 429 RESOURCE_EXHAUSTED. {'error': {'code': 429, 'message': 'You exceeded your current quota, please check your plan and billing details. For more information on this error, head to: https://ai.google.dev/gemini-api/docs/rate-limits. To monitor your current usage, head to: https://ai.dev/rate-limit. \n* Quota exceeded for metric: generativelanguage.googleapis.com/generate_content_free_tier_requests, limit: 0, model: gemini-2.0-flash\n* Quota exceeded for metric: generativelanguage.googleapis.com/generate_content_free_tier_requests, limit: 0, model: gemini-2.0-flash\n* Quota exceeded for metric: generativelanguage.googleapis.com/generate_content_free_tier_input_token_count, limit: 0, model: gemini-2.0-flash\nPlease retry in 59.579876958s.', 'status': 'RESOURCE_EXHAUSTED', 'details': [{'@type': 'type.googleapis.com/google.rpc.Help', 'links': [{'description': 'Learn more about Gemini API quotas', 'url': 'https://ai.google.dev/gemini-api/docs/rate-limits'}]}, {'@type': 'type.googleapis.com/google.rpc.QuotaFailure', 'violations': [{'quotaMetric': 'generativelanguage.googleapis.com/generate_content_free_tier_requests', 'quotaId': 'GenerateRequestsPerDayPerProjectPerModel-FreeTier', 'quotaDimensions': {'location': 'global', 'model': 'gemini-2.0-flash'}}, {'quotaMetric': 'generativelanguage.googleapis.com/generate_content_free_tier_requests', 'quotaId': 'GenerateRequestsPerMinutePerProjectPerModel-FreeTier', 'quotaDimensions': {'location': 'global', 'model': 'gemini-2.0-flash'}}, {'quotaMetric': 'generativelanguage.googleapis.com/generate_content_free_tier_input_token_count', 'quotaId': 'GenerateContentInputTokensPerModelPerMinute-FreeTier', 'quotaDimensions': {'model': 'gemini-2.0-flash', 'location': 'global'}}]}, {'@type': 'type.googleapis.com/google.rpc.RetryInfo', 'retryDelay': '59s'}]}}
WARNING  main:main.py:166 Validation error: API quota exceeded. Please try again later or upgrade your API plan. Visit https://ai.google.dev/gemini-api/docs/rate-limits for more information.
________________ TestE2EWorkflows.test_error_recovery_workflow ________________
C:\Users\irfan.ZEBRONICS\Desktop\client project\ai-architecture-generator\backend\tests\test_e2e.py:78: in test_error_recovery_workflow
    ???
E   assert 422 in [200, 500]
E    +  where 422 = <Response [422 Unprocessable Entity]>.status_code
---------------------------- Captured stderr call -----------------------------
ERROR [ai_service] API quota exceeded on attempt 1: 429 RESOURCE_EXHAUSTED. {'error': {'code': 429, 'message': 'You exceeded your current quota, please check your plan and billing details. For more information on this error, head to: https://ai.google.dev/gemini-api/docs/rate-limits. To monitor your current usage, head to: https://ai.dev/rate-limit. \n* Quota exceeded for metric: generativelanguage.googleapis.com/generate_content_free_tier_requests, limit: 0, model: gemini-2.0-flash\n* Quota exceeded for metric: generativelanguage.googleapis.com/generate_content_free_tier_requests, limit: 0, model: gemini-2.0-flash\n* Quota exceeded for metric: generativelanguage.googleapis.com/generate_content_free_tier_input_token_count, limit: 0, model: gemini-2.0-flash\nPlease retry in 58.945112904s.', 'status': 'RESOURCE_EXHAUSTED', 'details': [{'@type': 'type.googleapis.com/google.rpc.Help', 'links': [{'description': 'Learn more about Gemini API quotas', 'url': 'https://ai.google.dev/gemini-api/docs/rate-limits'}]}, {'@type': 'type.googleapis.com/google.rpc.QuotaFailure', 'violations': [{'quotaMetric': 'generativelanguage.googleapis.com/generate_content_free_tier_requests', 'quotaId': 'GenerateRequestsPerDayPerProjectPerModel-FreeTier', 'quotaDimensions': {'location': 'global', 'model': 'gemini-2.0-flash'}}, {'quotaMetric': 'generativelanguage.googleapis.com/generate_content_free_tier_requests', 'quotaId': 'GenerateRequestsPerMinutePerProjectPerModel-FreeTier', 'quotaDimensions': {'location': 'global', 'model': 'gemini-2.0-flash'}}, {'quotaMetric': 'generativelanguage.googleapis.com/generate_content_free_tier_input_token_count', 'quotaId': 'GenerateContentInputTokensPerModelPerMinute-FreeTier', 'quotaDimensions': {'location': 'global', 'model': 'gemini-2.0-flash'}}]}, {'@type': 'type.googleapis.com/google.rpc.RetryInfo', 'retryDelay': '58s'}]}}
WARNI [main] Validation error: API quota exceeded. Please try again later or upgrade your API plan. Visit https://ai.google.dev/gemini-api/docs/rate-limits for more information.
------------------------------ Captured log call ------------------------------
ERROR    ai_service:ai_service.py:210 API quota exceeded on attempt 1: 429 RESOURCE_EXHAUSTED. {'error': {'code': 429, 'message': 'You exceeded your current quota, please check your plan and billing details. For more information on this error, head to: https://ai.google.dev/gemini-api/docs/rate-limits. To monitor your current usage, head to: https://ai.dev/rate-limit. \n* Quota exceeded for metric: generativelanguage.googleapis.com/generate_content_free_tier_requests, limit: 0, model: gemini-2.0-flash\n* Quota exceeded for metric: generativelanguage.googleapis.com/generate_content_free_tier_requests, limit: 0, model: gemini-2.0-flash\n* Quota exceeded for metric: generativelanguage.googleapis.com/generate_content_free_tier_input_token_count, limit: 0, model: gemini-2.0-flash\nPlease retry in 58.945112904s.', 'status': 'RESOURCE_EXHAUSTED', 'details': [{'@type': 'type.googleapis.com/google.rpc.Help', 'links': [{'description': 'Learn more about Gemini API quotas', 'url': 'https://ai.google.dev/gemini-api/docs/rate-limits'}]}, {'@type': 'type.googleapis.com/google.rpc.QuotaFailure', 'violations': [{'quotaMetric': 'generativelanguage.googleapis.com/generate_content_free_tier_requests', 'quotaId': 'GenerateRequestsPerDayPerProjectPerModel-FreeTier', 'quotaDimensions': {'location': 'global', 'model': 'gemini-2.0-flash'}}, {'quotaMetric': 'generativelanguage.googleapis.com/generate_content_free_tier_requests', 'quotaId': 'GenerateRequestsPerMinutePerProjectPerModel-FreeTier', 'quotaDimensions': {'location': 'global', 'model': 'gemini-2.0-flash'}}, {'quotaMetric': 'generativelanguage.googleapis.com/generate_content_free_tier_input_token_count', 'quotaId': 'GenerateContentInputTokensPerModelPerMinute-FreeTier', 'quotaDimensions': {'location': 'global', 'model': 'gemini-2.0-flash'}}]}, {'@type': 'type.googleapis.com/google.rpc.RetryInfo', 'retryDelay': '58s'}]}}
WARNING  main:main.py:166 Validation error: API quota exceeded. Please try again later or upgrade your API plan. Visit https://ai.google.dev/gemini-api/docs/rate-limits for more information.
___________ TestIntegration.test_full_architecture_generation_flow ____________
C:\Users\irfan.ZEBRONICS\Desktop\client project\ai-architecture-generator\backend\tests\test_integration.py:55: in test_full_architecture_generation_flow
    ???
E   assert 422 == 200
E    +  where 422 = <Response [422 Unprocessable Entity]>.status_code
---------------------------- Captured stderr call -----------------------------
ERROR [ai_service] API quota exceeded on attempt 1: 429 RESOURCE_EXHAUSTED. {'error': {'code': 429, 'message': 'You exceeded your current quota, please check your plan and billing details. For more information on this error, head to: https://ai.google.dev/gemini-api/docs/rate-limits. To monitor your current usage, head to: https://ai.dev/rate-limit. \n* Quota exceeded for metric: generativelanguage.googleapis.com/generate_content_free_tier_input_token_count, limit: 0, model: gemini-2.0-flash\n* Quota exceeded for metric: generativelanguage.googleapis.com/generate_content_free_tier_requests, limit: 0, model: gemini-2.0-flash\n* Quota exceeded for metric: generativelanguage.googleapis.com/generate_content_free_tier_requests, limit: 0, model: gemini-2.0-flash\nPlease retry in 58.683916778s.', 'status': 'RESOURCE_EXHAUSTED', 'details': [{'@type': 'type.googleapis.com/google.rpc.Help', 'links': [{'description': 'Learn more about Gemini API quotas', 'url': 'https://ai.google.dev/gemini-api/docs/rate-limits'}]}, {'@type': 'type.googleapis.com/google.rpc.QuotaFailure', 'violations': [{'quotaMetric': 'generativelanguage.googleapis.com/generate_content_free_tier_input_token_count', 'quotaId': 'GenerateContentInputTokensPerModelPerMinute-FreeTier', 'quotaDimensions': {'location': 'global', 'model': 'gemini-2.0-flash'}}, {'quotaMetric': 'generativelanguage.googleapis.com/generate_content_free_tier_requests', 'quotaId': 'GenerateRequestsPerMinutePerProjectPerModel-FreeTier', 'quotaDimensions': {'location': 'global', 'model': 'gemini-2.0-flash'}}, {'quotaMetric': 'generativelanguage.googleapis.com/generate_content_free_tier_requests', 'quotaId': 'GenerateRequestsPerDayPerProjectPerModel-FreeTier', 'quotaDimensions': {'location': 'global', 'model': 'gemini-2.0-flash'}}]}, {'@type': 'type.googleapis.com/google.rpc.RetryInfo', 'retryDelay': '58s'}]}}
WARNI [main] Validation error: API quota exceeded. Please try again later or upgrade your API plan. Visit https://ai.google.dev/gemini-api/docs/rate-limits for more information.
------------------------------ Captured log call ------------------------------
ERROR    ai_service:ai_service.py:210 API quota exceeded on attempt 1: 429 RESOURCE_EXHAUSTED. {'error': {'code': 429, 'message': 'You exceeded your current quota, please check your plan and billing details. For more information on this error, head to: https://ai.google.dev/gemini-api/docs/rate-limits. To monitor your current usage, head to: https://ai.dev/rate-limit. \n* Quota exceeded for metric: generativelanguage.googleapis.com/generate_content_free_tier_input_token_count, limit: 0, model: gemini-2.0-flash\n* Quota exceeded for metric: generativelanguage.googleapis.com/generate_content_free_tier_requests, limit: 0, model: gemini-2.0-flash\n* Quota exceeded for metric: generativelanguage.googleapis.com/generate_content_free_tier_requests, limit: 0, model: gemini-2.0-flash\nPlease retry in 58.683916778s.', 'status': 'RESOURCE_EXHAUSTED', 'details': [{'@type': 'type.googleapis.com/google.rpc.Help', 'links': [{'description': 'Learn more about Gemini API quotas', 'url': 'https://ai.google.dev/gemini-api/docs/rate-limits'}]}, {'@type': 'type.googleapis.com/google.rpc.QuotaFailure', 'violations': [{'quotaMetric': 'generativelanguage.googleapis.com/generate_content_free_tier_input_token_count', 'quotaId': 'GenerateContentInputTokensPerModelPerMinute-FreeTier', 'quotaDimensions': {'location': 'global', 'model': 'gemini-2.0-flash'}}, {'quotaMetric': 'generativelanguage.googleapis.com/generate_content_free_tier_requests', 'quotaId': 'GenerateRequestsPerMinutePerProjectPerModel-FreeTier', 'quotaDimensions': {'location': 'global', 'model': 'gemini-2.0-flash'}}, {'quotaMetric': 'generativelanguage.googleapis.com/generate_content_free_tier_requests', 'quotaId': 'GenerateRequestsPerDayPerProjectPerModel-FreeTier', 'quotaDimensions': {'location': 'global', 'model': 'gemini-2.0-flash'}}]}, {'@type': 'type.googleapis.com/google.rpc.RetryInfo', 'retryDelay': '58s'}]}}
WARNING  main:main.py:166 Validation error: API quota exceeded. Please try again later or upgrade your API plan. Visit https://ai.google.dev/gemini-api/docs/rate-limits for more information.
_______________ TestIntegration.test_error_handling_integration _______________
C:\Users\irfan.ZEBRONICS\Desktop\client project\ai-architecture-generator\backend\tests\test_integration.py:112: in test_error_handling_integration
    ???
E   assert 422 == 500
E    +  where 422 = <Response [422 Unprocessable Entity]>.status_code
---------------------------- Captured stderr call -----------------------------
ERROR [ai_service] API quota exceeded on attempt 1: 429 RESOURCE_EXHAUSTED. {'error': {'code': 429, 'message': 'You exceeded your current quota, please check your plan and billing details. For more information on this error, head to: https://ai.google.dev/gemini-api/docs/rate-limits. To monitor your current usage, head to: https://ai.dev/rate-limit. \n* Quota exceeded for metric: generativelanguage.googleapis.com/generate_content_free_tier_input_token_count, limit: 0, model: gemini-2.0-flash\n* Quota exceeded for metric: generativelanguage.googleapis.com/generate_content_free_tier_requests, limit: 0, model: gemini-2.0-flash\n* Quota exceeded for metric: generativelanguage.googleapis.com/generate_content_free_tier_requests, limit: 0, model: gemini-2.0-flash\nPlease retry in 58.442092735s.', 'status': 'RESOURCE_EXHAUSTED', 'details': [{'@type': 'type.googleapis.com/google.rpc.Help', 'links': [{'description': 'Learn more about Gemini API quotas', 'url': 'https://ai.google.dev/gemini-api/docs/rate-limits'}]}, {'@type': 'type.googleapis.com/google.rpc.QuotaFailure', 'violations': [{'quotaMetric': 'generativelanguage.googleapis.com/generate_content_free_tier_input_token_count', 'quotaId': 'GenerateContentInputTokensPerModelPerMinute-FreeTier', 'quotaDimensions': {'location': 'global', 'model': 'gemini-2.0-flash'}}, {'quotaMetric': 'generativelanguage.googleapis.com/generate_content_free_tier_requests', 'quotaId': 'GenerateRequestsPerMinutePerProjectPerModel-FreeTier', 'quotaDimensions': {'location': 'global', 'model': 'gemini-2.0-flash'}}, {'quotaMetric': 'generativelanguage.googleapis.com/generate_content_free_tier_requests', 'quotaId': 'GenerateRequestsPerDayPerProjectPerModel-FreeTier', 'quotaDimensions': {'location': 'global', 'model': 'gemini-2.0-flash'}}]}, {'@type': 'type.googleapis.com/google.rpc.RetryInfo', 'retryDelay': '58s'}]}}
WARNI [main] Validation error: API quota exceeded. Please try again later or upgrade your API plan. Visit https://ai.google.dev/gemini-api/docs/rate-limits for more information.
------------------------------ Captured log call ------------------------------
ERROR    ai_service:ai_service.py:210 API quota exceeded on attempt 1: 429 RESOURCE_EXHAUSTED. {'error': {'code': 429, 'message': 'You exceeded your current quota, please check your plan and billing details. For more information on this error, head to: https://ai.google.dev/gemini-api/docs/rate-limits. To monitor your current usage, head to: https://ai.dev/rate-limit. \n* Quota exceeded for metric: generativelanguage.googleapis.com/generate_content_free_tier_input_token_count, limit: 0, model: gemini-2.0-flash\n* Quota exceeded for metric: generativelanguage.googleapis.com/generate_content_free_tier_requests, limit: 0, model: gemini-2.0-flash\n* Quota exceeded for metric: generativelanguage.googleapis.com/generate_content_free_tier_requests, limit: 0, model: gemini-2.0-flash\nPlease retry in 58.442092735s.', 'status': 'RESOURCE_EXHAUSTED', 'details': [{'@type': 'type.googleapis.com/google.rpc.Help', 'links': [{'description': 'Learn more about Gemini API quotas', 'url': 'https://ai.google.dev/gemini-api/docs/rate-limits'}]}, {'@type': 'type.googleapis.com/google.rpc.QuotaFailure', 'violations': [{'quotaMetric': 'generativelanguage.googleapis.com/generate_content_free_tier_input_token_count', 'quotaId': 'GenerateContentInputTokensPerModelPerMinute-FreeTier', 'quotaDimensions': {'location': 'global', 'model': 'gemini-2.0-flash'}}, {'quotaMetric': 'generativelanguage.googleapis.com/generate_content_free_tier_requests', 'quotaId': 'GenerateRequestsPerMinutePerProjectPerModel-FreeTier', 'quotaDimensions': {'location': 'global', 'model': 'gemini-2.0-flash'}}, {'quotaMetric': 'generativelanguage.googleapis.com/generate_content_free_tier_requests', 'quotaId': 'GenerateRequestsPerDayPerProjectPerModel-FreeTier', 'quotaDimensions': {'location': 'global', 'model': 'gemini-2.0-flash'}}]}, {'@type': 'type.googleapis.com/google.rpc.RetryInfo', 'retryDelay': '58s'}]}}
WARNING  main:main.py:166 Validation error: API quota exceeded. Please try again later or upgrade your API plan. Visit https://ai.google.dev/gemini-api/docs/rate-limits for more information.
_____________________________ test_sanitize_html ______________________________
C:\Users\irfan.ZEBRONICS\Desktop\client project\ai-architecture-generator\backend\tests\test_security.py:11: in test_sanitize_html
    ???
E   assert "alert('xss')Hello" == 'Hello'
E     
E     - Hello
E     + alert('xss')Hello
=========================== short test summary info ===========================
FAILED tests/test_e2e.py::TestE2EWorkflows::test_complete_user_journey - assert 422 == 200
 +  where 422 = <Response [422 Unprocessable Entity]>.status_code
FAILED tests/test_e2e.py::TestE2EWorkflows::test_error_recovery_workflow - assert 422 in [200, 500]
 +  where 422 = <Response [422 Unprocessable Entity]>.status_code
FAILED tests/test_integration.py::TestIntegration::test_full_architecture_generation_flow - assert 422 == 200
 +  where 422 = <Response [422 Unprocessable Entity]>.status_code
FAILED tests/test_integration.py::TestIntegration::test_error_handling_integration - assert 422 == 500
 +  where 422 = <Response [422 Unprocessable Entity]>.status_code
FAILED tests/test_security.py::test_sanitize_html - assert "alert('xss')Hello" == 'Hello'
  
  - Hello
  + alert('xss')Hello
======================== 5 failed, 17 passed in 2.81s =========================
